  Determining projects to restore...
  All projects are up-to-date for restore.
C:\Program Files\dotnet\sdk\10.0.103\Microsoft.Common.CurrentVersion.targets(5381,5): warning MSB3026: Could not copy "D:\projet\BiProject\BiProject.Api\obj\Debug\net10.0\apphost.exe" to "bin\Debug\net10.0\BiProject.Api.exe". Beginning retry 1 in 1000ms. The process cannot access the file 'D:\projet\BiProject\BiProject.Api\bin\Debug\net10.0\BiProject.Api.exe' because it is being used by another process. The file is locked by: "BiProject.Api (13868)" [D:\projet\BiProject\BiProject.Api\BiProject.Api.csproj]
C:\Program Files\dotnet\sdk\10.0.103\Microsoft.Common.CurrentVersion.targets(5381,5): warning MSB3026: Could not copy "D:\projet\BiProject\BiProject.Api\obj\Debug\net10.0\apphost.exe" to "bin\Debug\net10.0\BiProject.Api.exe". Beginning retry 2 in 1000ms. The process cannot access the file 'D:\projet\BiProject\BiProject.Api\bin\Debug\net10.0\BiProject.Api.exe' because it is being used by another process. The file is locked by: "BiProject.Api (13868)" [D:\projet\BiProject\BiProject.Api\BiProject.Api.csproj]
C:\Program Files\dotnet\sdk\10.0.103\Microsoft.Common.CurrentVersion.targets(5381,5): warning MSB3026: Could not copy "D:\projet\BiProject\BiProject.Api\obj\Debug\net10.0\apphost.exe" to "bin\Debug\net10.0\BiProject.Api.exe". Beginning retry 3 in 1000ms. The process cannot access the file 'D:\projet\BiProject\BiProject.Api\bin\Debug\net10.0\BiProject.Api.exe' because it is being used by another process. The file is locked by: "BiProject.Api (13868)" [D:\projet\BiProject\BiProject.Api\BiProject.Api.csproj]
C:\Program Files\dotnet\sdk\10.0.103\Microsoft.Common.CurrentVersion.targets(5381,5): warning MSB3026: Could not copy "D:\projet\BiProject\BiProject.Api\obj\Debug\net10.0\apphost.exe" to "bin\Debug\net10.0\BiProject.Api.exe". Beginning retry 4 in 1000ms. The process cannot access the file 'D:\projet\BiProject\BiProject.Api\bin\Debug\net10.0\BiProject.Api.exe' because it is being used by another process. The file is locked by: "BiProject.Api (13868)" [D:\projet\BiProject\BiProject.Api\BiProject.Api.csproj]
C:\Program Files\dotnet\sdk\10.0.103\Microsoft.Common.CurrentVersion.targets(5381,5): warning MSB3026: Could not copy "D:\projet\BiProject\BiProject.Api\obj\Debug\net10.0\apphost.exe" to "bin\Debug\net10.0\BiProject.Api.exe". Beginning retry 5 in 1000ms. The process cannot access the file 'D:\projet\BiProject\BiProject.Api\bin\Debug\net10.0\BiProject.Api.exe' because it is being used by another process. The file is locked by: "BiProject.Api (13868)" [D:\projet\BiProject\BiProject.Api\BiProject.Api.csproj]
C:\Program Files\dotnet\sdk\10.0.103\Microsoft.Common.CurrentVersion.targets(5381,5): warning MSB3026: Could not copy "D:\projet\BiProject\BiProject.Api\obj\Debug\net10.0\apphost.exe" to "bin\Debug\net10.0\BiProject.Api.exe". Beginning retry 6 in 1000ms. The process cannot access the file 'D:\projet\BiProject\BiProject.Api\bin\Debug\net10.0\BiProject.Api.exe' because it is being used by another process. The file is locked by: "BiProject.Api (13868)" [D:\projet\BiProject\BiProject.Api\BiProject.Api.csproj]
C:\Program Files\dotnet\sdk\10.0.103\Microsoft.Common.CurrentVersion.targets(5381,5): warning MSB3026: Could not copy "D:\projet\BiProject\BiProject.Api\obj\Debug\net10.0\apphost.exe" to "bin\Debug\net10.0\BiProject.Api.exe". Beginning retry 7 in 1000ms. The process cannot access the file 'D:\projet\BiProject\BiProject.Api\bin\Debug\net10.0\BiProject.Api.exe' because it is being used by another process. The file is locked by: "BiProject.Api (13868)" [D:\projet\BiProject\BiProject.Api\BiProject.Api.csproj]
C:\Program Files\dotnet\sdk\10.0.103\Microsoft.Common.CurrentVersion.targets(5381,5): warning MSB3026: Could not copy "D:\projet\BiProject\BiProject.Api\obj\Debug\net10.0\apphost.exe" to "bin\Debug\net10.0\BiProject.Api.exe". Beginning retry 8 in 1000ms. The process cannot access the file 'D:\projet\BiProject\BiProject.Api\bin\Debug\net10.0\BiProject.Api.exe' because it is being used by another process. The file is locked by: "BiProject.Api (13868)" [D:\projet\BiProject\BiProject.Api\BiProject.Api.csproj]
C:\Program Files\dotnet\sdk\10.0.103\Microsoft.Common.CurrentVersion.targets(5381,5): warning MSB3026: Could not copy "D:\projet\BiProject\BiProject.Api\obj\Debug\net10.0\apphost.exe" to "bin\Debug\net10.0\BiProject.Api.exe". Beginning retry 9 in 1000ms. The process cannot access the file 'D:\projet\BiProject\BiProject.Api\bin\Debug\net10.0\BiProject.Api.exe' because it is being used by another process. The file is locked by: "BiProject.Api (13868)" [D:\projet\BiProject\BiProject.Api\BiProject.Api.csproj]
C:\Program Files\dotnet\sdk\10.0.103\Microsoft.Common.CurrentVersion.targets(5381,5): warning MSB3026: Could not copy "D:\projet\BiProject\BiProject.Api\obj\Debug\net10.0\apphost.exe" to "bin\Debug\net10.0\BiProject.Api.exe". Beginning retry 10 in 1000ms. The process cannot access the file 'D:\projet\BiProject\BiProject.Api\bin\Debug\net10.0\BiProject.Api.exe' because it is being used by another process. The file is locked by: "BiProject.Api (13868)" [D:\projet\BiProject\BiProject.Api\BiProject.Api.csproj]
C:\Program Files\dotnet\sdk\10.0.103\Microsoft.Common.CurrentVersion.targets(5381,5): error MSB3027: Could not copy "D:\projet\BiProject\BiProject.Api\obj\Debug\net10.0\apphost.exe" to "bin\Debug\net10.0\BiProject.Api.exe". Exceeded retry count of 10. Failed. The file is locked by: "BiProject.Api (13868)" [D:\projet\BiProject\BiProject.Api\BiProject.Api.csproj]
C:\Program Files\dotnet\sdk\10.0.103\Microsoft.Common.CurrentVersion.targets(5381,5): error MSB3021: Unable to copy file "D:\projet\BiProject\BiProject.Api\obj\Debug\net10.0\apphost.exe" to "bin\Debug\net10.0\BiProject.Api.exe". The process cannot access the file 'D:\projet\BiProject\BiProject.Api\bin\Debug\net10.0\BiProject.Api.exe' because it is being used by another process. [D:\projet\BiProject\BiProject.Api\BiProject.Api.csproj]
